height 22
width 53
map
hlllibbbbbbbbbbhbbbbbbbbbbhbbbbbbbbbbhbbbbbbbbbbhlllj
kooogTTTTTTTTTTfTTTTTTTTTTfTTTTTTTTTTfTTTTTTTTTThooom
kooogTTTTTTTTTTfTTTTTTTTTTfTTTTTTTTTTfTTTTTTTTTThooom
kooogddddddddddmddddddddddmddddddddddmddddddddddlooom
kooogTTTTTTTTTTfTTTTTTTTTTfTTTTTTTTTTfTTTTTTTTTThooom
kooogTTTTTTTTTTfTTTTTTTTTTfTTTTTTTTTTfTTTTTTTTTThooom
kooonbbbbbbbbbbkbbbbbbbbbbkbbbbbbbbbbkbbbbbbbbbbhooom
kooogTTTTTTTTTTfTTTTTTTTTTfTTTTTTTTTTfTTTTTTTTTThooom
kooogTTTTTTTTTTfTTTTTTTTTTfTTTTTTTTTTfTTTTTTTTTThooom
kooogddddddddddmddddddddddmddddddddddmddddddddddlooom
kooogTTTTTTTTTTfTTTTTTTTTTfTTTTTTTTTTfTTTTTTTTTThooom
kooogTTTTTTTTTTfTTTTTTTTTTfTTTTTTTTTTfTTTTTTTTTThooom
kooonbbbbbbbbbbkbbbbbbbbbbkbbbbbbbbbbkbbbbbbbbbbhooom
kooogTTTTTTTTTTfTTTTTTTTTTfTTTTTTTTTTfTTTTTTTTTThooom
kooogTTTTTTTTTTfTTTTTTTTTTfTTTTTTTTTTfTTTTTTTTTThooom
kooogddddddddddmddddddddddmddddddddddmddddddddddlooom
kooogTTTTTTTTTTfTTTTTTTTTTfTTTTTTTTTTfTTTTTTTTTThooom
kooogTTTTTTTTTTfTTTTTTTTTTfTTTTTTTTTTfTTTTTTTTTThooom
kooonbbbbbbbbbbkbbbbbbbbbbkbbbbbbbbbbkbbbbbbbbbbhooom
kooogTTTTTTTTTTfTTTTTTTTTTfTTTTTTTTTTfTTTTTTTTTThooom
kooogTTTTTTTTTTfTTTTTTTTTTfTTTTTTTTTTfTTTTTTTTTThooom
ennngddddddddddgddddddddddgddddddddddgddddddddddinnng