height 100
width 160
map
TTTTTTTTTTTTTTTTTTTTTTTTTTTTTTTTTTTTTTTTTTTTTTTTTTTTTTTTTTTTTTTTTTTTTTTTTTTTTTTTTTTTTTTTTTTTTTTTTTTTTTTTTTTTTTTTTTTTTTTTTTTTTTTTTTTTTTTTTTTTTTTTTTTTTTTTTTTTTTTT
TTTTTTTTTTTTTTTTTTTTTTTTTTTTTTTTTTTTTTTTTTTTTTTTTTTTTTTTTTTTTTTTTTTTTTTTTTTTTTTTTTTTTTTTTTTTTTTTTTTTTTTTTTTTTTTTTTTTTTTTTTTTTTTTTTTTTTTTTTTTTTTTTTTTTTTTTTTTTTTT
TTTTTTTTTTTTTTTTTTTTTTTTTTTTTTTTTTTTTTTTTTTTTTTTTTTTTTTTTTTTTTTTTTTTTTTTTTTTTTTTTTTTTTTTTTTTTTTTTTTTTTTTTTTTTTTTTTTTTTTTTTTTTTTTTTTTTTTTTTTTTTTTTTTTTTTTTTTTTTTT
TTTTTTTTTTTTTTTTTTTTTTTTTTTTTTTTTTTTTTTTTTTTTTTTTTTTTTTTTTTTTTTTTTTTTTTTTTTTTTTTTTTTTTTTTooooooooooooooooooooTTTTTTTTTTTTTTTTTTTTTTTTTTTTTTTTTTTTTTTTTTTTTTTTTTT
TTTTTTTTTTTTTTTTTTTTTTTTTTooooooooooooooooooooTTTTTTTTTTTTTTTTTTTTTTTTTTTTTTTTTTTTTTTTTTTooooooooooooooooooooTTTTTTTTTTTTTTTTTTTTTTTTTTTTTTTTTTTTTTTTTTTTTTTTTTT
TTTTTTTTTTTTTTTTTTTTTTTTTTooooooooooooooooooooTTTTTTTTTTTTTTTTTTTTTTTTTTTTTTTTTTTTTTTTTTTooooooooooooooooooooTTTTTTTTTTTTTTTTTTTTTTTTTTTTTTTTTTTTTTTTTTTTTTTTTTT
TTTTTTTTTTTTTTTTTTTTTTTTTTooooooooooooooooooooTTTTTTTTTTTTTTTTTTTTTTTTTTTTTTTTTTTTTTTTTTTooooooooooooooooooooTTTTTTTTTTTTTTTTTTTTTTTTTTTTTTTTTTTTTTTTTTTTTTTTTTT
TTTTTTTTTTTTTTTTTTTTTTTTTTooooooooooooooooooooTTTTTTTTTTTTTTTTTTTTTTTTTTTTTTTTTTTTTTTTTTTooooooooooooooooooooTTTTTTTTTTTTTTTTTTTTTTTTTTTTTTTTTTTTTTTTTTTTTTTTTTT
TTTTTTTTTTTTTTTTTTTTTTTTTTooooooooooooooooooooTTTTTTTTTTTTTTTTTTTTTTTTTTTTTTTTTTTTTTTTTTTooooooooooooooooooooTTTTTTTTTTTTTTTTTTTTTTTTTTTTTTTTTTTTTTTTTTTTTTTTTTT
TTTTTTTTTTTTTTTTTTTTTTTTTTooooooooooooooooooooTTTTTTTTTTTTTTTTTTTTTTTTTTTTTTTTTTTTTTTTTTTooooooooooooooooooooTTTTTTTTTTTTTTTTTTTTTTTTTTTTTTTTTTTTTTTTTTTTTTTTTTT
TTTTTTTTTTTTTTTTTTTTTTTTTTooooooooooooooooooooTTTTTTTTTTTTTTTTTTTTTTTTTTTTTTTTTTTTTTTTTTTooooooooooooooooooooTTTTTTTTTTTTTTTTTTTTTTTTTTTTTTTTTTTTTTTTTTTTTTTTTTT
TTTTTTTTTTTTTTTTTTTTTTTTTTooooooooooooooooooooTTTTTTTTTTTTTTTTTTTTTTTTTTTTTTTTTTTTTTTTTTTooooooooooooooooooooTTTooooooooooooooooooooTTTTTTTTTTTTTTTTTTTTTTTTTTTT
TTTTTTTTTTTTTTTTTTTTTTTTTTooooooooooooooooooooTTTTTTTTTTTTTTTTTTTTTTTTTTTTTTTTTTTTTTTTTTTooooooooooooooooooooTTTooooooooooooooooooooTTTTTTTTTTTTTTTTTTTTTTTTTTTT
TTTTTTTTTTTTTTTTTTTTTTTTTTooooooooooooooooooooTTTTTTTTTTTTTTTTTTTTTTTTTTTTTTTTTTTTTTTTTTTTTTTTTacTTTTTTTTTTTTTTTooooooooooooooooooooTTTTTTTTTTTTTTTTTTTTTTTTTTTT
TTTTTTTTTTTTTTTTTTTTTTTTTTTTTTTTTTTTTTTTTahjTTTTTTTTTTTTTTTTTTTTTTTTTTTTTTTTTTTTTTTTTTTTTTTTTTTacTTTTTTTTTTTTTTTooooooooooooooooooooTTTTTTTTTTTTTTTTTTTTTTTTTTTT
TTTTTTTTTTTTTTTTTTTTTTTTTTTTTTTTTTTTTTTTTahjTTTTTTTTTTTTTTTTTTTTTTTTTTTTTTTTTTTTTTTTTTTTTTTTTTbacTTTTTTTTTTTTTTTooooooooooooooooooooTTTTTTTTTTTTTTTTTTTTTTTTTTTT
TTTTTTTTTTTTTTTTTTTTTTTTTTTTTTTTTTTTTTTTTahhhhcTTTTTTTTTTTTTTTTTTTTTTTTTTTTTTTTTTTTTTTTTTTTTTbaTcTTTTTTTTTTTTTTTooooooooooooooooooooTTTTTTTTTTTTTTTTTTTTTTTTTTTT
TTTTTTTTTTTTTTTTTTTTTTTTTTTTTTTTTTTTTTTTTaheekhhhcTTTTTTTTTTTTTTTTTTTTTTTTTTTTTTTTTTTTTTTTTTbaTTcTTTTTTTTTTTTTTTooooooooooooooooooooTTTTTTTTTTTTTTTTTTTTTTTTTTTT
TTTTTTTTTTTTTTTTTTTTTTTTTTTTTTTTTTTTTTTTTaTTTheeklhhcTTTTTTTTTTTTTTTTTTTTTTTTTTTTTTTTTTTTTTbaTTcdTTTTTTTTTTTTTTTooooooooooooooooooooTTTTTTTTTTTTTTTTTTTTTTTTTTTT
TTTTTTTTTTTTTTTTTTTTTTTTTTTTTTTTTTTTTTTTTaddTTTTbeeklhhcTTTTTTTTTTTTTTTTTTTTTTTTTTTTTTTTTTbaTTcdTTTTTTTTTTTTbbbbooooooooooooooooooooTTTTTTTTTTTTTTTTTTTTTTTTTTTT
TTTTTTTTTTTTTTTTTTTTTTTTTTTTTTTTTTTTTTTTTTTaddTTTTTbeekjTTTTTTTTTTTTTTTTTTTTTTTTTTTTTTTTTbaTTcdTTTTTTTTTTTbbaTTcooooooooooooooooooooTTTTTTTTTTTTTTTTTTTTTTTTTTTT
TTTTTTTTTTTTTTTTTTTTTTTTTTTTTTTTTTTTTTTTTTTTTaddTTTTTThlhcTTTTTTTTTTTTTTTTTTTTTTTTTTTTTTTaTTcdTTTTTTTTTbbbaTTTcdTTTTTTTTTTTTTTTTTTTTTTTTTTTTTTTTTTTTTTTTTTTTTTTT
TTTTTTTTTTTTTTTTTTTTTTTTTTTTTTTTTTTTTTTTTTTTTTTadTTTTTbeklhcTTTTTTTTTTTTTTTTTTTTTTTTTTTTTaTcdTTTTTTTTbbaTTTTcddTTTTTTTTTTTTTTTTTTTTTTTTTTTTTTTTTTTTTTTTTTTTTTTTT
TTTTTTTTTTTTTTTTTTTTTTTTTTTTTTTTTTTTTTTTTTTTTTTTadTTTTTTbehlhcTTTTTTTTTTTTTTTTTTTTTTTTTTTaTcTTTTTTTbbaTTTcdddTTTTTTTTTTTTTTTTTTTTTTTTTTTTTTTTTTTTTTTTTTTTTTTTTTT
TTTTTTTTTTTTTTTTTTTTTTTTTTTTTTTTTTTTTTTTTTTTTTTTTaddTTTTTTbeklcTTTTTTTTTTTTTTTTTTTTTTTTTTaTcTTTTTbbaTTTcddTTTTTTTTTTTTTTTTTTTTTTTTTTTTTTTTTTTTTTTTTTTTTTTTTTTTTT
TTTTTTTTTTTTTTTTTTTTTTTTTTTTTTTTTTTTTTTTTTTTTTTTTTTaddTTTTTTbhhhhhhhhhhhhhhhhhhhhhhhhhhhhkhhhhhhhaTTTcddTTTTTTTTTTTTTTTTTTTTTTTTTTTTTTTTTTTTTTTTTTTTTTTTTTTTTTTT
TTTTTTTTTTTTTTTTTTTTTTTTTTTTTTTTTTTTTTTTTTTTTTTTTTTTTaddTTTTTbbekkkkkkkkkkkkkkkkkkkkkkkkkkkkkkkkcTTcddTTTTTTTTTTTTTTTTTTTTTTTTTTTTTTTTTTTTTTTTTTTTTTTTTTTTTTTTTT
TTTTTTTTTTTTTTTTTTTTTTTTTTTTTTTTTTTTTTTTTTTTTTTTTTTTTTTadTTTTTTeeeeeekeeeeeeeeeeeeeeeeeeeeeeeeebcTTcTTTTTTTTTTTTTTTTTTTTTTTTTTTTTTTTTTTTTTTTTTTTTTTTTTTTTTTTTTTT
TTTTTTTTTTTTTTTTTTTTTTTTTTTTTTTTTTTTTTTTTTTTTTTTTTTTTTTTaTTTTTbaTTTTTcTTTTTTTTTTTTTTTTTTaTTTTTTTbcThhcTTTTTTTTTTTTTTTTTTTTTTTTTTTTTTTTTTTTTTTTTTTTTTTTTTTTTTTTTT
TTTTTTTTTTTTTTTTTTTTTTTTTTTTTTTTTTTTTTTTTTTTTTTTTTTTTTTTeTTTTTaTTTTTTbcTTTTTTTTTTTTTTTTbaTTTTTTTThhhhhcTTTTTTTTTTTTTTTTTTTTTTTTTTTTTTTTTTTTTTTTTTTTTTTTTTTTTTTTT
TTTTTTTTTTTTTTTTTTTTTTTTTTTTTTTTTTTTTTTTTTTTTTTTTTTTTTTeeeeeeeaTTTTTTTcTTTTTTTTTTTTTTTbaTTTTTTTcddihhhhcTTTTTTTTTTTTTTTTTTTTTTTTTTTTTTTTTTTTTTTTTTTTTTTTTTTTTTTT
TTTTTTTTTTTTTTTTTTTTTTTTTTTTTTTTTTTTTTTTTTTTTTTTTTTTTTeeeeeTTTaddTTTTcdTTTTTTTTTTTTTTTaTTTTTTcddTTTTThhhcTTTTTTTTTTTTTTTTTTTTTTTTTTTTTTTTTTTTTTTTTTTTTTTTTTTTTTT
TTTTTTTTTTTTTTTTTTTTTTTTTTTTTTTTTTTTTTTTTTTTTTTTTTTTTeeeeTTTTTTTadddjdTTTTTTTTTTTTTTTTadjdddddTTTTTTTThhhcTTTTTTTTTTTTTTTTTTTTTTTTTTTTTTTTTTTTTTTTTTTTTTTTTTTTTT
TTTTTTTTTTTTTTTTTTTTTTTTTTTTTTTTTTTTTTTTTTTTTTTTTTTTeeeTTTTTTTTTTTTTfTTTTTTTTTTTTTTTTTTTfTTTTTTTTTTTTTThhhcTTTTTTTTTTTTTTTTTTTTTTTTTTTTTTTTTTTTTTTTTTTTTTTTTTTTT
TTTTTTTTTTTTTTTTTTTTTTTTTTTTTTTTTTTTTTTTTTTTTTTTTTTeeeTTTTTTTTTTcjjjmjjjjjjjjjjjjjjjjjjjmjjjTTTTTTTTTTTThhhcTTTTTTTTTTTTTTTTTTTTTTTTTTTTTTTTTTTTTTTTTTTTTTTTTTTT
TTTTTTTTTTTTTTTTTTTTTTTTTTTTTTTTTTTTTTTTTTTTTTTTTTeeeTTTTTTTTTTcjjjmmmmmmmmmmmmmmmmmmmmmmmmmmggTTTTTTTTTThhhcTTTTTTTTTTTTTTTTTTTTTTTTTTTTTTTTTTTTTTTTTTTTTTTTTTT
TTTTTTTTTTTTTTTTTTTTTTTTTTTTTTTTTTTTTTTTTTTTTTTTTeeeTTTTTTTTTTjjjjjjggTTTTTTTTTTTTTTTgmmmmggggggTTTTTTTTTThhhcTTTTTTTTTTTTTTTTTTTTTTTTTTTTTTTTTTTTTTTTTTTTTTTTTT
TTTTTTTTTTTTTTTTTTTTTTTTTTTTTTTTTTTTTTTTTTTTTTTTeeeTTTTTTTTTTjjjjjTTTTTTTTTTTTTTTTTTTTTTTTTTTTgggTTTTTTTTTThhhcTTTTTTTTTTTTTTTTTTTTTTTTTTTTTTTTTTTTTTTTTTTTTTTTT
TTTTTTTTTTTTTTTTTTTTTTTTTTTTTTTTTTTTTTTTTTTTTTTeeeTTTTTTTTTjjjjjTTTTTTTTTTTTTTTTTTTTTTTTTTTTTTTgggTTTTTTTTTThhhcTTTTTTTTTTTTTTTTTTTTTTTTTTTTTTTTTTTTTTTTTTTTTTTT
TTTTTTTTTTTTTTTTTTTTTTTTTTTTTTTTTTTTTTTTTTTTTTeeeeTTTTTTTTTjjjTTTTTTTTTTTTTTTTTTTTTTTTTTTTTTTTTTgggTTTTTTTTTThhhcTTTTTTTTTTTTTTTTTTTTTTTTTTTTTTTTTTTTTTTTTTTTTTT
TTTTTTTTTTTTTTTTTTTTTTTTTTTTTTTTTTTTTTTTTTTTTeeeeTTTTTTTTTlljTTTTTTTTTTTTTTTTTTTTTTTTTTTTTTTTTTTTgggTTTTTTTTTThhhcTTTTTTTTTTTTTTTTTTTTTTTTTTTTTTTTTTTTTTTTTTTTTT
TTooooooooooTTTTTTTTTTTTTTTTTTTTTTTTTTTTTTTTeeeeeTTTTTTTTTlljTTTTTTTTTTTTTTTTTTTTTTTTTTTTTTTTTTTTTnnTTTTTTTTTThhhhcTTTTTTTTTTTTTTTTTTTTTTTTTTTTTTTTTTTTTTTTTTTTT
TTooooooooooTTTTTTTTTTTTTTTTTTTTTTTTTTTTTTTeeeeeeTTTTTTTTTlljTTTTTTTTTTTTTTTTTTTTTTTTTTTTTTTTTTTTTnngTTTTTTTTThhhhhcTTTTTTTTTTTTTTTTTTTTTTTTTTTTTTTTTTTTTTTTTTTT
TTooooooooooTTTTTTTTTTTTTTTTTTTTTTTTTTTTTTeeeeeeemTTTTTTTTlljTTTTTTTTTTTTTTTTTTTTTTTTTTTTTTTTTTTTTnngTTTTTTTbbbbhhhhcTTTTTTTTTTTTTTTTTTTTTTTTTTTTTTTTTTTTTTTTTTT
TTooooooooooTTTTTTTTTTTTTTTTTTTTTTTTTTTTTeeeeeTTTbbcTTTTTTlljTTTTTTTTTTTTTTTTTTTTTTTTTTTTTTTTTTTTTnngTTTTTbbaTTTThhhhcTTTTTTTTTTTTTTTTTTTTTTTTTTTTTTTooooooooooT
TTooooooooooTTTTTTTTTTTTTTTTTTTTTTTTTTTTeeeeTTTTTTTbbcTTTTlljTTTTTTTTTTTTTTTTTTTTTTTTTTTTTTTTTTTTTnngTTTbbaTTTTTTThhhhcTTTTTTTTTTTTTTTTTTTTTTTTTTTTTTooooooooooT
TTooooooooooTTTTTTTTTTTTTTTTTTTTTTTTTTTeeeeTTTTTTTTTTbbcThlljTTTTTTTTTTTTTTTTTTTTTTTTTTTTTTTTTTTTTnngTbbaTTTTTTTTTThhhhcTTTTTTTTTTTTTTTTTTTTTTTTTTTTTooooooooooT
TTooooooooooTTTTTTTTTTTTTTTTTTTTTTTTTTeeeeTTTTTTTTTTTTTbbhhljTTTTTTTTTTTTTTTTTTTTTTTTTTTTTTTTTTTTTnnnbaTTTTTTTTTTTTThhhhcTTTTTTTTTTTTTTTTTTTTTTTTTTTTooooooooooT
TTooooooooooTTTTTTTTTTTTTTTTTTTTTTTTTeeeeTTTTTTTTTTTTTTTTbhljTTTTTTTTTTTTTTTTTTTTTTTTTTTTTTTTTTTTTnngTTTTTTTTTTTTTTTThhhhhhhhhhhhhhhhhhhhhhhhhhhhhhhhooooooooooT
TToooooooooohhhhhhhhhhhhhhhhhhhhhhhheeeeaTTTTTTTTTTTTTTTTThljTTTTTTTTTTTTTTTTTTTTTTTTTTTTTTTTTTTTTnngTTTTTTTTTTTTTTTTThhhhkkkkkkkkkkkkkkkkkkkkkkkkkkkooooooooooT
TTooooooooooeeeeeeeeeeeeeeeeeeeeeeeeeeeaTTTTTTTTTTTTTTTTTThlhcTTTTTTTTTTTTTTTTTTTTTTTTTTTTTTTTTTTTnngTTTTTTTTTTTTTTTTTbkbbeeeeeeeeeeeeeeeeeeeeeeeeeeeooooooooooT
TTooooooooooTTTTTTTTTTTTTTTTTTTTTTTTTTaTTTTTTTTTTTTTTTTTTThlhhTTTTTTTTTTTTTTTTTTTTTTTTTTTTTTTTTTTTnngTTTTTTTTTTTTTTTTTTcTTTTTTTTTTTTTTTTTTTTTTTTTTTTTooooooooooT
TToooooooooojjjjjjjjjjjjjjjjjjjjjjjjjggdTTTTTTTTTTTTTTTTTcihhhhTTTTTTTTTTTTTTTTTTTTTTTTTTTTTTTTTTTnngTTTTTTTTTTTTTTTTTcjjjjjjjjjjjjjjjjjjjjjjjjjjjjjjooooooooooT
TTooooooooooggggggggggggggggggggggggggggTTTTTTTTTTTTTTTcddTbhhhTTTTTTTTTTTTTTTTTTTTTTTTTTTTTTTTTTeeeaddTTTTTTTTTTTTTcjjjjjmmmmmmmmmmmmmmmmmmmmmmmmmmmooooooooooT
TTooooooooooTTTTTTTTTTTTTTTTTTTTTTTTTggggggTTTTTTTTTTcddTTTTbhhTTTTTTTTTTTTTTTTTTTTTTTTTTTTTTTTTeeeeTTaddTTTTTTTTTcjjjjjjdgggggggggggggggggggggggggggooooooooooT
TTooooooooooTTTTTTTTTTTTTTTTTTTTTTTTTTggggggTTTTTTTcddTTTTTTThhhTTTTTTTTTTTTTTTTTTTTTTTTTTTTTTTeeeeTTTTTaddTTTTcjjjjjjTTTTTTTTTTTTTTTTTTTTTTTTTTTTTTTooooooooooT
TTooooooooooTTTTTTTTTTTTTTTTTTTTTTTTTTTTgggggggjjjddTTTTTTTTThhhhTTTTTTTTTTTTTTTTTTTTTTTTTTTTTeeeeTTTTTTTTadjjjjjjjjTTTTTTTTTTTTTTTTTTTTTTTTTTTTTTTTTooooooooooT
TTooooooooooTTTTTTTTTTTTTTTTTTTTTTTTTTTTTTgggggggggTTTTTTTTTTThhhhTTTTTTTTTTTTTTTTTTTTTTTTTTTeeeeTTTTTTTTTTcjjjjjjTTTTTTTTTTTTTTTTTTTTTTTTTTTTTTTTTTTooooooooooT
TTooooooooooTTTTTTTTTTTTTTTTTTTTTTTTTTTTTTTTTggggggTTTTTTTTTTTThhhhTTTTTTTTTTTTTTTTTTTTTTTTTeeeeTTTTTTTTTTjjjjjjTTTTTTTTTTTTTTTTTTTTTTTTTTTTTTTTTTTTTooooooooooT
TTooooooooooTTTTTTTTTTTTTTTTTTTTTTTTTTTTTTTTTTTgggggTTTTTTTTTTTThhhhTTTTTTTTTTTTTTTTTTTTTTTeeeeTTTTTTTTTTTjjjjTTTTTTTTTTTTTTTTTTTTTTTTTTTTTTTTTTTTTTTooooooooooT
TTooooooooooTTTTTTTTTTTTTTTTTTTTTTTTTTTTTTTTTTTTTggggTTTTTTTTTTTThhhhTTTTTTTTTTTTTTTTTTTTTeeeeTTTTTTTTTTjjjjTTTTTTTTTTTTTTTTTTTTTTTTTTTTTTTTTTTTTTTTTooooooooooT
TTTTTTTTTTTTTTTTTTTTTTTTTTTTTTTTTTTTTTTTTTTTTTTTTTTggggTTTTTTTTTTThhhhhhTTTTTTTTTTTTTTTTeeeeeTTTTTTTTTjjjjTTTTTTTTTTTTTTTTTTTTTTTTTTTTTTTTTTTTTTTTTTTooooooooooT
TTTTTTTTTTTTTTTTTTTTTTTTTTTTTTTTTTTTTTTTTTTTTTTTTTTTTggggTTTTTTTTTThhllllhhhhhhhhhheeeeeeeeeTTTTTTTTjjjjTTTTTTTTTTTTTTTTTTTTTTTTTTTTTTTTTTTTTTTTTTTTTooooooooooT
TTTTTTTTTTTTTTTTTTTTTTTTTTTTTTTTTTTTTTTTTTTTTTTTTTTTTTTggggTTTTTTTTTeeeellllllllllllleeeeeTTTTTTTTjjjjTTTTTTTTTTTTTTTTTTTTTTTTTTTTTTTTTTTTTTTTTTTTTTTooooooooooT
TTTTTTTTTTTTTTTTTTTTTTTTTTTTTTTTTTTTTTTTTTTTTTTTTTTTTTTTTggggTTTTTTTTTTTeeeeeeeeeeeeefTTTTTTTTTTjjjjTTTTTTTTTTTTTTTTTTTTTTTTTTTTTTTTTTTTTTTTTTTTTTTTTTTTTTTTTTTT
TTTTTTTTTTTTTTTTTTTTTTTTTTTTTTTTTTTTTTTTTTTTTTTTTTTTTTTTTTTggggTTTTTTTbbaTTTTTTTTTTTTbbcTTTTTTjjjjTTTTTTTTTTTTTTTTTTTTTTTTTTTTTTTTTTTTTTTTTTTTTTTTTTTTTTTTTTTTTT
TTTTTTTTTTTTTTTTTTTTTTTTTTTTTTTTTTTTTTTTTTTTTTTTTTTTTTTTTTTTTggggTTTTTaTTTTTTTTTTTTTTTTcTTTjjjjjTTTTTTTTTTTTTTTTTTTTTTTTTTTTTTTTTTTTTTTTTTTTTTTTTTTTTTTTTTTTTTTT
TTTTTTTTTTTTTTTTTTTTTTTTTTTTTTTTTTTTTTTTTTTTTTTTTTTTTTTTTTTTTTTggggggggTTTTTTTTTTTTTTTTcjjjjjjTTTTTTTTTTTTTTTTTTTTTTTTTTTTTTTTTTTTTTTTTTTTTTTTTTTTTTTTTTTTTTTTTT
TTTTTTTTTTTTTTTTTTTTTTTTTTTTTTTTTTTTTTTTTTTTTTTTTTTTTTTTTTTTTTTTTgggggggTTTTTTTTTTTTTTTjjjjjTTTTTTTTTTTTTTTTTTTTTTTTTTTTTTTTTTTTTTTTTTTTTTTTTTTTTTTTTTTTTTTTTTTT
TTTTTTTTTTTTTTTTTTTTTTTTTTTTTTTTTTTTTTTTTTTTTTTTTTTTTTTTTTTTTTTTTTTggggggTTTTTTTTTTTTjjjjjTTTTTTTTTTTTTTTTTTTTTTTTTTTTTTTTTTTTTTTTTTTTTTTTTTTTTTTTTTTTTTTTTTTTTT
TTTTTTTTTTTTTTTTTTTTTTTTTTTTTTTTTTTTTTTTTTTTTTTTTTTTTTTTTTTTTTTTTTTTTggggggTTTTTTcjjjjjjTTTTTTTTTTTTTTTTTTTTTTTTTTTTTTTTTTTTTTTTTTTTTTTTTTTTTTTTTTTTTTTTTTTTTTTT
TTTTTTTTTTTTTTTTTTTTTTTTTTTTTTTTTTTTTTTTTTTTTTTTTTTTTTTTTTTTTTTTTTTTTTTggggggdddjmjjjjTTTTTTTTTTTTTTTTTTTTTTTTTTTTTTTTTTTTTTTTTTTTTTTTTTTTTTTTTTTTTTTTTTTTTTTTTT
TTTTTTTTTTTTTTTTTTTTTTTTTTTTTTTTTTTTTTTTTTTTTTTTTTTTTTTTTTTTTTTTTTTTTTTTTgggggTTcjjjTTTTTTTTTTTTTTTTTTTTTTTTTTTTTTTTTTTTTTTTTTTTTTTTTTTTTTTTTTTTTTTTTTTTTTTTTTTT
TTTTTTTTTTTTTTTTTTTTTTTTTTTTTTTTTTTTTTTTTTTTTTTTTTTTTTTTTTTTTTTTTTTTTTTTTTagggTTcjdTTTTTTTTTTTTTTTTTTTTTTTTTTTTTTTTTTTTTTTTTTTTTTTTTTTTTTTTTTTTTTTTTTTTTTTTTTTTT
TTTTTTTTTTTTTTTTTTTTTTTTTTTTTTTTTTTTTTTTTTTTTTTTTTTTTTTTTTTTTTTTTTTTTTTTTTTTegTThjTTTTTTTTTTTTTTTTTTTTTTTTTTTTTTTTTTTTTTTTTTTTTTTTTTTTTTTTTTTTTTTTTTTTTTTTTTTTTT
TTTTTTTTTTTTTTTTTTTTTTTTTTTTTTTTTTTTTTTTTTTTTTTTTTTTTTTTTTTTTTTTTTTTTTTTTTTTegTThjTTTTTTTTTTTTTTTTTTTTTTTTTTTTTTTTTTTTTTTTTTTTTTTTTTTTTTTTTTTTTTTTTTTTTTTTTTTTTT
TTTTTTTTTTTTTTTTTTTTTTTTTTTTTTTTTTTTTTTTTTTTTTTTTTTTTTTTTTTTTTTTTTTTTTTTTTTTegTThjTTTTTTTTTTTTTTTTTTTTTTTTTTTTTTTTTTTTTTTTTTTTTTTTTTTTTTTTTTTTTTTTTTTTTTTTTTTTTT
TTTTTTTTTTTTTTTTTTTTTTTTTTTTTTTTTTTTTTTTTTTTTTTTTTTTTTTTTTTTTTTTTTTTTTTTTTTTegTThjTTTTTTTTTTTTTTTTTTTTTTTTTTTTTTTTTTTTTTTTTTTTTTTTTTTTTTTTTTTTTTTTTTTTTTTTTTTTTT
TTTTTTTTTTTTTTTTTTTTTTTTTTTTTTTTTTTTTTTTTTTTTTTTTTTTTTTTTTTTTTTTTTTTTTTTTTTTegTThjTTTTTTTTTTTTTTTTTTTTTTTTTTTTTTTTTTTTTTTTTTTTTTTTTTTTTTTTTTTTTTTTTTTTTTTTTTTTTT
TTTTTTTTTTTTTTTTTTTTTTTTTTTTTTTTTTTTTTTTTTTTTTTTTTTTTTTTTTTTTTTTTTTTTTTTTTTTegTThjTTTTTTTTTTTTTTTTTTTTTTTTTTTTTTTTTTTTTTTTTTTTTTTTTTTTTTTTTTTTTTTTTTTTTTTTTTTTTT
TTTTTTTTTTTTTTTTTTTTTTTTTTTTTTTTTTTTTTTTTTTTTTTTTTTTTTTTTTTTTTTTTTTTTTTTTTTTegTThjTTTTTTTTTTTTTTTTTTTTTTTTTTTTTTTTTTTTTTTTTTTTTTTTTTTTTTTTTTTTTTTTTTTTTTTTTTTTTT
TTTTTTTTTTTTTTTTTTTTTTTTTTTTTTTTTTTTTTTTTTTTTTTTTTTTTTTTTTTTTTTTTTTTTTTTTTTTegTThjTTTTTTTTTTTTTTTTTTTTTTTTTTTTTTTTTTTTTTTTTTTTTTTTTTTTTTTTTTTTTTTTTTTTTTTTTTTTTT
TTTTTTTTTTTTTTTTTTTTTTTTTTTTTTTTTTTTTTTTTTTTTTTTTTTTTTTTTTTTTTTTTTTTTTTTTTTTegTThjTTTTTTTTTTTTTTTTTTTTTTTTTTTTTTTTTTTTTTTTTTTTTTTTTTTTTTTTTTTTTTTTTTTTTTTTTTTTTT
TTTTTTTTTTTTTTTTTTTTTTTTTTTTTTTTTTTTTTTTTTTTTTTTTTTTTTTTTTTTTTTTTTTTTTTTTTTTegTThjTTTTTTTTTTTTTTTTTTTTTTTTTTTTTTTTTTTTTTTTTTTTTTTTTTTTTTTTTTTTTTTTTTTTTTTTTTTTTT
TTTTTTTTTTTTTTTTTTTTTTTTTTTTTTTTTTTTTTTTTTTTTTTTTTTTTTTTTTTTTTTTTTTTTTTTTTTTegTThjTTTTTTTTTTTTTTTTTTTTTTTTTTTTTTTTTTTTTTTTTTTTTTTTTTTTTTTTTTTTTTTTTTTTTTTTTTTTTT
TTTTTTTTTTTTTTTTTTTTTTTTTTTTTTTTTTTTTTTTTTTTTTTTTTTTTTTTTTTTTTTTTTTTTTTTTTTTegTThjTTTTTTTTTTTTTTTTTTTTTTTTTTTTTTTTTTTTTTTTTTTTTTTTTTTTTTTTTTTTTTTTTTTTTTTTTTTTTT
TTTTTTTTTTTTTTTTTTTTTTTTTTTTTTTTTTTTTTTTTTTTTTTTTTTTTTTTTTTTTTooooooooooooooooooooTTTTTTTTTTTTTTTTTTTTTTTTTTTTTTTTTTTTTTTTTTTTTTTTTTTTTTTTTTTTTTTTTTTTTTTTTTTTTT
TTTTTTTTTTTTTTTTTTTTTTTTTTTTTTTTTTTTTTTTTTTTTTTTTTTTTTTTTTTTTTooooooooooooooooooooTTTTTTTTTTTTTTTTTTTTTTTTTTTTTTTTTTTTTTTTTTTTTTTTTTTTTTTTTTTTTTTTTTTTTTTTTTTTTT
TTTTTTTTTTTTTTTTTTTTTTTTTTTTTTTTTTTTTTTTTTTTTTTTTTTTTTTTTTTTTTooooooooooooooooooooTTTTTTTTTTTTTTTTTTTTTTTTTTTTTTTTTTTTTTTTTTTTTTTTTTTTTTTTTTTTTTTTTTTTTTTTTTTTTT
TTTTTTTTTTTTTTTTTTTTTTTTTTTTTTTTTTTTTTTTTTTTTTTTTTTTTTTTTTTTTTooooooooooooooooooooTTTTTTTTTTTTTTTTTTTTTTTTTTTTTTTTTTTTTTTTTTTTTTTTTTTTTTTTTTTTTTTTTTTTTTTTTTTTTT
TTTTTTTTTTTTTTTTTTTTTTTTTTTTTTTTTTTTTTTTTTTTTTTTTTTTTTTTTTTTTTooooooooooooooooooooTTTTTTTTTTTTTTTTTTTTTTTTTTTTTTTTTTTTTTTTTTTTTTTTTTTTTTTTTTTTTTTTTTTTTTTTTTTTTT
TTTTTTTTTTTTTTTTTTTTTTTTTTTTTTTTTTTTTTTTTTTTTTTTTTTTTTTTTTTTTTooooooooooooooooooooTTTTTTTTTTTTTTTTTTTTTTTTTTTTTTTTTTTTTTTTTTTTTTTTTTTTTTTTTTTTTTTTTTTTTTTTTTTTTT
TTTTTTTTTTTTTTTTTTTTTTTTTTTTTTTTTTTTTTTTTTTTTTTTTTTTTTTTTTTTTTooooooooooooooooooooTTTTTTTTTTTTTTTTTTTTTTTTTTTTTTTTTTTTTTTTTTTTTTTTTTTTTTTTTTTTTTTTTTTTTTTTTTTTTT
TTTTTTTTTTTTTTTTTTTTTTTTTTTTTTTTTTTTTTTTTTTTTTTTTTTTTTTTTTTTTTooooooooooooooooooooTTTTTTTTTTTTTTTTTTTTTTTTTTTTTTTTTTTTTTTTTTTTTTTTTTTTTTTTTTTTTTTTTTTTTTTTTTTTTT
TTTTTTTTTTTTTTTTTTTTTTTTTTTTTTTTTTTTTTTTTTTTTTTTTTTTTTTTTTTTTTooooooooooooooooooooTTTTTTTTTTTTTTTTTTTTTTTTTTTTTTTTTTTTTTTTTTTTTTTTTTTTTTTTTTTTTTTTTTTTTTTTTTTTTT
TTTTTTTTTTTTTTTTTTTTTTTTTTTTTTTTTTTTTTTTTTTTTTTTTTTTTTTTTTTTTTooooooooooooooooooooTTTTTTTTTTTTTTTTTTTTTTTTTTTTTTTTTTTTTTTTTTTTTTTTTTTTTTTTTTTTTTTTTTTTTTTTTTTTTT
TTTTTTTTTTTTTTTTTTTTTTTTTTTTTTTTTTTTTTTTTTTTTTTTTTTTTTTTTTTTTTTTTTTTTTTTTTTTTTTTTTTTTTTTTTTTTTTTTTTTTTTTTTTTTTTTTTTTTTTTTTTTTTTTTTTTTTTTTTTTTTTTTTTTTTTTTTTTTTTT
TTTTTTTTTTTTTTTTTTTTTTTTTTTTTTTTTTTTTTTTTTTTTTTTTTTTTTTTTTTTTTTTTTTTTTTTTTTTTTTTTTTTTTTTTTTTTTTTTTTTTTTTTTTTTTTTTTTTTTTTTTTTTTTTTTTTTTTTTTTTTTTTTTTTTTTTTTTTTTTT
TTTTTTTTTTTTTTTTTTTTTTTTTTTTTTTTTTTTTTTTTTTTTTTTTTTTTTTTTTTTTTTTTTTTTTTTTTTTTTTTTTTTTTTTTTTTTTTTTTTTTTTTTTTTTTTTTTTTTTTTTTTTTTTTTTTTTTTTTTTTTTTTTTTTTTTTTTTTTTTT
TTTTTTTTTTTTTTTTTTTTTTTTTTTTTTTTTTTTTTTTTTTTTTTTTTTTTTTTTTTTTTTTTTTTTTTTTTTTTTTTTTTTTTTTTTTTTTTTTTTTTTTTTTTTTTTTTTTTTTTTTTTTTTTTTTTTTTTTTTTTTTTTTTTTTTTTTTTTTTTT