height 21
width 49
map
.................................................
..TTTTTTTTTTTTTTTTTTTTT...TTTTTTTTTTTTTTTTTTTTT..
.................................................
..TTTTTTTTTTTTTTTTTTTTT...TTTTTTTTTTTTTTTTTTTTT..
.................................................
..TTTTTTTTTTTTTTTTTTTTT...TTTTTTTTTTTTTTTTTTTTT..
.................................................
..TTTTTTTTTTTTTTTTTTTTT...TTTTTTTTTTTTTTTTTTTTT..
.................................................
..TTTTTTTTTTTTTTTTTTTTT...TTTTTTTTTTTTTTTTTTTTT..
.................................................
..TTTTTTTTTTTTTTTTTTTTT...TTTTTTTTTTTTTTTTTTTTT..
.................................................
..TTTTTTTTTTTTTTTTTTTTT...TTTTTTTTTTTTTTTTTTTTT..
.................................................
..TTTTTTTTTTTTTTTTTTTTT...TTTTTTTTTTTTTTTTTTTTT..
.................................................
..TTTTTTTTTTTTTTTTTTTTT...TTTTTTTTTTTTTTTTTTTTT..
.................................................
..TTTTTTTTTTTTTTTTTTTTT...TTTTTTTTTTTTTTTTTTTTT..
.................................................