height 16
width 67
map
...................................................................
...................................................................
...................................................................
...................................................................
...................................................................
...................................................................
...................................................................
...................................................................
...................................................................
...................................................................
...................................................................
...................................................................
...................................................................
...................................................................
...................................................................
...................................................................